Analysis & Synthesis report for src
Wed Nov 25 21:11:24 2020
Quartus Prime Version 18.1.0 Build 625 09/12/2018 SJ Standard Edition


---------------------
; Table of Contents ;
---------------------
  1. Legal Notice
  2. Analysis & Synthesis Summary
  3. Analysis & Synthesis Settings
  4. Parallel Compilation
  5. Analysis & Synthesis Source Files Read
  6. Analysis & Synthesis Resource Usage Summary
  7. Analysis & Synthesis Resource Utilization by Entity
  8. Registers Removed During Synthesis
  9. Removed Registers Triggering Further Register Optimizations
 10. General Register Statistics
 11. Multiplexer Restructuring Statistics (Restructuring Performed)
 12. Parameter Settings for User Entity Instance: CPU:mycpu|ROM:myrom
 13. Parameter Settings for User Entity Instance: CPU:mycpu|regfile:myreg
 14. Parameter Settings for User Entity Instance: CPU:mycpu|regfile:myreg|parameterized_decoder:decw
 15. Parameter Settings for User Entity Instance: CPU:mycpu|regfile:myreg|EnabledReg:bloop[0].itk
 16. Parameter Settings for User Entity Instance: CPU:mycpu|regfile:myreg|EnabledReg:bloop[1].itk
 17. Parameter Settings for User Entity Instance: CPU:mycpu|regfile:myreg|EnabledReg:bloop[2].itk
 18. Parameter Settings for User Entity Instance: CPU:mycpu|regfile:myreg|EnabledReg:bloop[3].itk
 19. Parameter Settings for User Entity Instance: CPU:mycpu|regfile:myreg|EnabledReg:bloop[4].itk
 20. Parameter Settings for User Entity Instance: CPU:mycpu|regfile:myreg|EnabledReg:bloop[5].itk
 21. Parameter Settings for User Entity Instance: CPU:mycpu|regfile:myreg|EnabledReg:bloop[6].itk
 22. Parameter Settings for User Entity Instance: CPU:mycpu|regfile:myreg|EnabledReg:bloop[7].itk
 23. Parameter Settings for User Entity Instance: CPU:mycpu|regfile:myreg|EnabledReg:bloop[8].itk
 24. Parameter Settings for User Entity Instance: CPU:mycpu|regfile:myreg|EnabledReg:bloop[9].itk
 25. Parameter Settings for User Entity Instance: CPU:mycpu|regfile:myreg|EnabledReg:bloop[10].itk
 26. Parameter Settings for User Entity Instance: CPU:mycpu|regfile:myreg|EnabledReg:bloop[11].itk
 27. Parameter Settings for User Entity Instance: CPU:mycpu|regfile:myreg|EnabledReg:bloop[12].itk
 28. Parameter Settings for User Entity Instance: CPU:mycpu|regfile:myreg|EnabledReg:bloop[13].itk
 29. Parameter Settings for User Entity Instance: CPU:mycpu|regfile:myreg|EnabledReg:bloop[14].itk
 30. Parameter Settings for User Entity Instance: CPU:mycpu|regfile:myreg|EnabledReg:bloop[15].itk
 31. Parameter Settings for User Entity Instance: CPU:mycpu|mux2to1:mux0
 32. Parameter Settings for User Entity Instance: CPU:mycpu|mux2to1:mux1
 33. Parameter Settings for User Entity Instance: CPU:mycpu|mux2to1:mux2
 34. Parameter Settings for User Entity Instance: CPU:mycpu|ALU:myalu
 35. Parameter Settings for User Entity Instance: CPU:mycpu|ALU:myalu|adderOV:add0
 36. Parameter Settings for User Entity Instance: CPU:mycpu|ALU:myalu|adderOV:add0|adder:add0
 37. Parameter Settings for User Entity Instance: CPU:mycpu|ALU:myalu|adderOV:add0|adder:add0|mux2to1:mux1
 38. Parameter Settings for User Entity Instance: CPU:mycpu|ALU:myalu|adderOV:add0|mux2to1:mux1
 39. Parameter Settings for User Entity Instance: CPU:mycpu|ALU:myalu|SLT:slt0
 40. Parameter Settings for User Entity Instance: CPU:mycpu|ALU:myalu|SLT:slt0|mux2to1:mux0
 41. Parameter Settings for User Entity Instance: CPU:mycpu|ALU:myalu|SLT:slt0|mux2to1:mux1
 42. Parameter Settings for User Entity Instance: CPU:mycpu|ALU:myalu|SLT:slt0|mux2to1:mux2
 43. Parameter Settings for User Entity Instance: CPU:mycpu|ALU:myalu|mux4to1:mux0
 44. Parameter Settings for User Entity Instance: CPU:mycpu|ALU:myalu|mux2to1:mux1
 45. Parameter Settings for User Entity Instance: CPU:mycpu|tristate_active_hi:ALUTest
 46. Parameter Settings for User Entity Instance: CPU:mycpu|tristate_active_hi:ShiftTest
 47. Port Connectivity Checks: "CPU:mycpu|tristate_active_hi:ShiftTest"
 48. Port Connectivity Checks: "CPU:mycpu|ALU:myalu|SLT:slt0|mux2to1:mux2"
 49. Port Connectivity Checks: "CPU:mycpu|ALU:myalu|adderOV:add0|mux2to1:mux1"
 50. Port Connectivity Checks: "CPU:mycpu|ALU:myalu|adderOV:add0|adder:add0"
 51. Port Connectivity Checks: "CPU:mycpu|ALU:myalu|adderOV:add0"
 52. Port Connectivity Checks: "CPU:mycpu|RTypePrioDecoder:myrtypedecoder"
 53. Port Connectivity Checks: "CPU:mycpu|OpPrioDecoder:myopdecoder"
 54. Port Connectivity Checks: "counter32:myclock"
 55. Post-Synthesis Netlist Statistics for Top Partition
 56. Elapsed Time Per Partition
 57. Analysis & Synthesis Messages
 58. Analysis & Synthesis Suppressed Messages



----------------
; Legal Notice ;
----------------
Copyright (C) 2018  Intel Corporation. All rights reserved.
Your use of Intel Corporation's design tools, logic functions 
and other software and tools, and its AMPP partner logic 
functions, and any output files from any of the foregoing 
(including device programming or simulation files), and any 
associated documentation or information are expressly subject 
to the terms and conditions of the Intel Program License 
Subscription Agreement, the Intel Quartus Prime License Agreement,
the Intel FPGA IP License Agreement, or other applicable license
agreement, including, without limitation, that your use is for
the sole purpose of programming logic devices manufactured by
Intel and sold by Intel or its authorized distributors.  Please
refer to the applicable agreement for further details.



+-----------------------------------------------------------------------------------+
; Analysis & Synthesis Summary                                                      ;
+---------------------------------+-------------------------------------------------+
; Analysis & Synthesis Status     ; Successful - Wed Nov 25 21:11:24 2020           ;
; Quartus Prime Version           ; 18.1.0 Build 625 09/12/2018 SJ Standard Edition ;
; Revision Name                   ; src                                             ;
; Top-level Entity Name           ; src                                             ;
; Family                          ; Cyclone V                                       ;
; Logic utilization (in ALMs)     ; N/A                                             ;
; Total registers                 ; 74                                              ;
; Total pins                      ; 61                                              ;
; Total virtual pins              ; 0                                               ;
; Total block memory bits         ; 0                                               ;
; Total DSP Blocks                ; 0                                               ;
; Total HSSI RX PCSs              ; 0                                               ;
; Total HSSI PMA RX Deserializers ; 0                                               ;
; Total HSSI TX PCSs              ; 0                                               ;
; Total HSSI PMA TX Serializers   ; 0                                               ;
; Total PLLs                      ; 0                                               ;
; Total DLLs                      ; 0                                               ;
+---------------------------------+-------------------------------------------------+


+---------------------------------------------------------------------------------------------------------------------------+
; Analysis & Synthesis Settings                                                                                             ;
+---------------------------------------------------------------------------------+--------------------+--------------------+
; Option                                                                          ; Setting            ; Default Value      ;
+---------------------------------------------------------------------------------+--------------------+--------------------+
; Device                                                                          ; 5CGXFC5C6F27C7     ;                    ;
; Top-level entity name                                                           ; src                ; src                ;
; Family name                                                                     ; Cyclone V          ; Cyclone V          ;
; Use smart compilation                                                           ; Off                ; Off                ;
; Enable parallel Assembler and Timing Analyzer during compilation                ; On                 ; On                 ;
; Enable compact report table                                                     ; Off                ; Off                ;
; Restructure Multiplexers                                                        ; Auto               ; Auto               ;
; MLAB Add Timing Constraints For Mixed-Port Feed-Through Mode Setting Don't Care ; Off                ; Off                ;
; Create Debugging Nodes for IP Cores                                             ; Off                ; Off                ;
; Preserve fewer node names                                                       ; On                 ; On                 ;
; Intel FPGA IP Evaluation Mode                                                   ; Enable             ; Enable             ;
; Verilog Version                                                                 ; Verilog_2001       ; Verilog_2001       ;
; VHDL Version                                                                    ; VHDL_1993          ; VHDL_1993          ;
; State Machine Processing                                                        ; Auto               ; Auto               ;
; Safe State Machine                                                              ; Off                ; Off                ;
; Extract Verilog State Machines                                                  ; On                 ; On                 ;
; Extract VHDL State Machines                                                     ; On                 ; On                 ;
; Ignore Verilog initial constructs                                               ; Off                ; Off                ;
; Iteration limit for constant Verilog loops                                      ; 5000               ; 5000               ;
; Iteration limit for non-constant Verilog loops                                  ; 250                ; 250                ;
; Add Pass-Through Logic to Inferred RAMs                                         ; On                 ; On                 ;
; Infer RAMs from Raw Logic                                                       ; On                 ; On                 ;
; Parallel Synthesis                                                              ; On                 ; On                 ;
; DSP Block Balancing                                                             ; Auto               ; Auto               ;
; NOT Gate Push-Back                                                              ; On                 ; On                 ;
; Power-Up Don't Care                                                             ; On                 ; On                 ;
; Remove Redundant Logic Cells                                                    ; Off                ; Off                ;
; Remove Duplicate Registers                                                      ; On                 ; On                 ;
; Ignore CARRY Buffers                                                            ; Off                ; Off                ;
; Ignore CASCADE Buffers                                                          ; Off                ; Off                ;
; Ignore GLOBAL Buffers                                                           ; Off                ; Off                ;
; Ignore ROW GLOBAL Buffers                                                       ; Off                ; Off                ;
; Ignore LCELL Buffers                                                            ; Off                ; Off                ;
; Ignore SOFT Buffers                                                             ; On                 ; On                 ;
; Limit AHDL Integers to 32 Bits                                                  ; Off                ; Off                ;
; Optimization Technique                                                          ; Balanced           ; Balanced           ;
; Carry Chain Length                                                              ; 70                 ; 70                 ;
; Auto Carry Chains                                                               ; On                 ; On                 ;
; Auto Open-Drain Pins                                                            ; On                 ; On                 ;
; Perform WYSIWYG Primitive Resynthesis                                           ; Off                ; Off                ;
; Auto ROM Replacement                                                            ; On                 ; On                 ;
; Auto RAM Replacement                                                            ; On                 ; On                 ;
; Auto DSP Block Replacement                                                      ; On                 ; On                 ;
; Auto Shift Register Replacement                                                 ; Auto               ; Auto               ;
; Allow Shift Register Merging across Hierarchies                                 ; Auto               ; Auto               ;
; Auto Clock Enable Replacement                                                   ; On                 ; On                 ;
; Strict RAM Replacement                                                          ; Off                ; Off                ;
; Allow Synchronous Control Signals                                               ; On                 ; On                 ;
; Force Use of Synchronous Clear Signals                                          ; Off                ; Off                ;
; Auto Resource Sharing                                                           ; Off                ; Off                ;
; Allow Any RAM Size For Recognition                                              ; Off                ; Off                ;
; Allow Any ROM Size For Recognition                                              ; Off                ; Off                ;
; Allow Any Shift Register Size For Recognition                                   ; Off                ; Off                ;
; Use LogicLock Constraints during Resource Balancing                             ; On                 ; On                 ;
; Ignore translate_off and synthesis_off directives                               ; Off                ; Off                ;
; Timing-Driven Synthesis                                                         ; On                 ; On                 ;
; Report Parameter Settings                                                       ; On                 ; On                 ;
; Report Source Assignments                                                       ; On                 ; On                 ;
; Report Connectivity Checks                                                      ; On                 ; On                 ;
; Ignore Maximum Fan-Out Assignments                                              ; Off                ; Off                ;
; Synchronization Register Chain Length                                           ; 3                  ; 3                  ;
; Power Optimization During Synthesis                                             ; Normal compilation ; Normal compilation ;
; HDL message level                                                               ; Level2             ; Level2             ;
; Suppress Register Optimization Related Messages                                 ; Off                ; Off                ;
; Number of Removed Registers Reported in Synthesis Report                        ; 5000               ; 5000               ;
; Number of Swept Nodes Reported in Synthesis Report                              ; 5000               ; 5000               ;
; Number of Inverted Registers Reported in Synthesis Report                       ; 100                ; 100                ;
; Clock MUX Protection                                                            ; On                 ; On                 ;
; Auto Gated Clock Conversion                                                     ; Off                ; Off                ;
; Block Design Naming                                                             ; Auto               ; Auto               ;
; SDC constraint protection                                                       ; Off                ; Off                ;
; Synthesis Effort                                                                ; Auto               ; Auto               ;
; Shift Register Replacement - Allow Asynchronous Clear Signal                    ; On                 ; On                 ;
; Pre-Mapping Resynthesis Optimization                                            ; Off                ; Off                ;
; Analysis & Synthesis Message Level                                              ; Medium             ; Medium             ;
; Disable Register Merging Across Hierarchies                                     ; Auto               ; Auto               ;
; Resource Aware Inference For Block RAM                                          ; On                 ; On                 ;
; Automatic Parallel Synthesis                                                    ; On                 ; On                 ;
; Partial Reconfiguration Bitstream ID                                            ; Off                ; Off                ;
+---------------------------------------------------------------------------------+--------------------+--------------------+


+------------------------------------------+
; Parallel Compilation                     ;
+----------------------------+-------------+
; Processors                 ; Number      ;
+----------------------------+-------------+
; Number detected on machine ; 12          ;
; Maximum allowed            ; 6           ;
;                            ;             ;
; Average used               ; 1.00        ;
; Maximum used               ; 6           ;
;                            ;             ;
; Usage by Processor         ; % Time Used ;
;     Processor 1            ; 100.0%      ;
;     Processors 2-6         ;   0.0%      ;
+----------------------------+-------------+


+--------------------------------------------------------------------------------------------------------------------------------------------------+
; Analysis & Synthesis Source Files Read                                                                                                           ;
+----------------------------------+-----------------+------------------------------+----------------------------------------------------+---------+
; File Name with User-Entered Path ; Used in Netlist ; File Type                    ; File Name with Absolute Path                       ; Library ;
+----------------------------------+-----------------+------------------------------+----------------------------------------------------+---------+
; src.sv                           ; yes             ; User SystemVerilog HDL File  ; U:/ELEC4720/simple-microprocessor/src.sv           ;         ;
; instructions.txt                 ; yes             ; Auto-Found File              ; U:/ELEC4720/simple-microprocessor/instructions.txt ;         ;
+----------------------------------+-----------------+------------------------------+----------------------------------------------------+---------+


+----------------------------------------------------------------+
; Analysis & Synthesis Resource Usage Summary                    ;
+---------------------------------------------+------------------+
; Resource                                    ; Usage            ;
+---------------------------------------------+------------------+
; Estimate of Logic utilization (ALMs needed) ; 142              ;
;                                             ;                  ;
; Combinational ALUT usage for logic          ; 237              ;
;     -- 7 input functions                    ; 0                ;
;     -- 6 input functions                    ; 45               ;
;     -- 5 input functions                    ; 62               ;
;     -- 4 input functions                    ; 43               ;
;     -- <=3 input functions                  ; 87               ;
;                                             ;                  ;
; Dedicated logic registers                   ; 74               ;
;                                             ;                  ;
; I/O pins                                    ; 61               ;
;                                             ;                  ;
; Total DSP Blocks                            ; 0                ;
;                                             ;                  ;
; Maximum fan-out node                        ; CPU:mycpu|pc[15] ;
; Maximum fan-out                             ; 61               ;
; Total fan-out                               ; 1235             ;
; Average fan-out                             ; 2.85             ;
+---------------------------------------------+------------------+


+--------------------------------------------------------------------------------------------------------------------------------------------------------------------------------------------------------------------------------------------+
; Analysis & Synthesis Resource Utilization by Entity                                                                                                                                                                                        ;
+------------------------------------+---------------------+---------------------------+-------------------+------------+------+--------------+---------------------------------------------------------------+---------------+--------------+
; Compilation Hierarchy Node         ; Combinational ALUTs ; Dedicated Logic Registers ; Block Memory Bits ; DSP Blocks ; Pins ; Virtual Pins ; Full Hierarchy Name                                           ; Entity Name   ; Library Name ;
+------------------------------------+---------------------+---------------------------+-------------------+------------+------+--------------+---------------------------------------------------------------+---------------+--------------+
; |src                               ; 237 (0)             ; 74 (0)                    ; 0                 ; 0          ; 61   ; 0            ; |src                                                          ; src           ; work         ;
;    |CPU:mycpu|                     ; 211 (32)            ; 48 (16)                   ; 0                 ; 0          ; 0    ; 0            ; |src|CPU:mycpu                                                ; CPU           ; work         ;
;       |ALU:myalu|                  ; 71 (0)              ; 0 (0)                     ; 0                 ; 0          ; 0    ; 0            ; |src|CPU:mycpu|ALU:myalu                                      ; ALU           ; work         ;
;          |adderOV:add0|            ; 34 (0)              ; 0 (0)                     ; 0                 ; 0          ; 0    ; 0            ; |src|CPU:mycpu|ALU:myalu|adderOV:add0                         ; adderOV       ; work         ;
;             |adder:add0|           ; 34 (18)             ; 0 (0)                     ; 0                 ; 0          ; 0    ; 0            ; |src|CPU:mycpu|ALU:myalu|adderOV:add0|adder:add0              ; adder         ; work         ;
;                |mux2to1:mux1|      ; 16 (16)             ; 0 (0)                     ; 0                 ; 0          ; 0    ; 0            ; |src|CPU:mycpu|ALU:myalu|adderOV:add0|adder:add0|mux2to1:mux1 ; mux2to1       ; work         ;
;          |mux2to1:mux1|            ; 37 (37)             ; 0 (0)                     ; 0                 ; 0          ; 0    ; 0            ; |src|CPU:mycpu|ALU:myalu|mux2to1:mux1                         ; mux2to1       ; work         ;
;       |OpPrioDecoder:myopdecoder|  ; 5 (5)               ; 0 (0)                     ; 0                 ; 0          ; 0    ; 0            ; |src|CPU:mycpu|OpPrioDecoder:myopdecoder                      ; OpPrioDecoder ; work         ;
;       |ROM:myrom|                  ; 24 (24)             ; 0 (0)                     ; 0                 ; 0          ; 0    ; 0            ; |src|CPU:mycpu|ROM:myrom                                      ; ROM           ; work         ;
;       |mux2to1:mux2|               ; 18 (18)             ; 0 (0)                     ; 0                 ; 0          ; 0    ; 0            ; |src|CPU:mycpu|mux2to1:mux2                                   ; mux2to1       ; work         ;
;       |regfile:myreg|              ; 30 (30)             ; 32 (0)                    ; 0                 ; 0          ; 0    ; 0            ; |src|CPU:mycpu|regfile:myreg                                  ; regfile       ; work         ;
;          |EnabledReg:bloop[0].itk| ; 0 (0)               ; 16 (16)                   ; 0                 ; 0          ; 0    ; 0            ; |src|CPU:mycpu|regfile:myreg|EnabledReg:bloop[0].itk          ; EnabledReg    ; work         ;
;          |EnabledReg:bloop[3].itk| ; 0 (0)               ; 16 (16)                   ; 0                 ; 0          ; 0    ; 0            ; |src|CPU:mycpu|regfile:myreg|EnabledReg:bloop[3].itk          ; EnabledReg    ; work         ;
;       |ssd:ins0|                   ; 8 (8)               ; 0 (0)                     ; 0                 ; 0          ; 0    ; 0            ; |src|CPU:mycpu|ssd:ins0                                       ; ssd           ; work         ;
;       |ssd:ins1|                   ; 8 (8)               ; 0 (0)                     ; 0                 ; 0          ; 0    ; 0            ; |src|CPU:mycpu|ssd:ins1                                       ; ssd           ; work         ;
;       |ssd:ins2|                   ; 8 (8)               ; 0 (0)                     ; 0                 ; 0          ; 0    ; 0            ; |src|CPU:mycpu|ssd:ins2                                       ; ssd           ; work         ;
;       |ssd:ins3|                   ; 7 (7)               ; 0 (0)                     ; 0                 ; 0          ; 0    ; 0            ; |src|CPU:mycpu|ssd:ins3                                       ; ssd           ; work         ;
;    |counter32:myclock|             ; 26 (26)             ; 26 (26)                   ; 0                 ; 0          ; 0    ; 0            ; |src|counter32:myclock                                        ; counter32     ; work         ;
+------------------------------------+---------------------+---------------------------+-------------------+------------+------+--------------+---------------------------------------------------------------+---------------+--------------+
Note: For table entries with two numbers listed, the numbers in parentheses indicate the number of resources of the given type used by the specific entity alone. The numbers listed outside of parentheses indicate the total resources of the given type used by the specific entity and all of its sub-entities in the hierarchy.


+---------------------------------------------------------------------------------------------------------+
; Registers Removed During Synthesis                                                                      ;
+-----------------------------------------------------------+---------------------------------------------+
; Register name                                             ; Reason for Removal                          ;
+-----------------------------------------------------------+---------------------------------------------+
; CPU:mycpu|regfile:myreg|EnabledReg:bloop[14].itk|Q[0..15] ; Stuck at GND due to stuck port clock_enable ;
; CPU:mycpu|regfile:myreg|EnabledReg:bloop[13].itk|Q[0..15] ; Stuck at GND due to stuck port clock_enable ;
; CPU:mycpu|regfile:myreg|EnabledReg:bloop[11].itk|Q[0..15] ; Stuck at GND due to stuck port clock_enable ;
; CPU:mycpu|regfile:myreg|EnabledReg:bloop[10].itk|Q[0..15] ; Stuck at GND due to stuck port clock_enable ;
; CPU:mycpu|regfile:myreg|EnabledReg:bloop[9].itk|Q[0..15]  ; Stuck at GND due to stuck port clock_enable ;
; CPU:mycpu|regfile:myreg|EnabledReg:bloop[8].itk|Q[0..15]  ; Stuck at GND due to stuck port clock_enable ;
; CPU:mycpu|regfile:myreg|EnabledReg:bloop[7].itk|Q[0..15]  ; Stuck at GND due to stuck port clock_enable ;
; CPU:mycpu|regfile:myreg|EnabledReg:bloop[6].itk|Q[0..15]  ; Stuck at GND due to stuck port clock_enable ;
; CPU:mycpu|regfile:myreg|EnabledReg:bloop[5].itk|Q[0..15]  ; Stuck at GND due to stuck port clock_enable ;
; CPU:mycpu|regfile:myreg|EnabledReg:bloop[4].itk|Q[0..15]  ; Stuck at GND due to stuck port clock_enable ;
; CPU:mycpu|regfile:myreg|EnabledReg:bloop[2].itk|Q[0..15]  ; Stuck at GND due to stuck port clock_enable ;
; CPU:mycpu|regfile:myreg|EnabledReg:bloop[1].itk|Q[0..15]  ; Stuck at GND due to stuck port clock_enable ;
; CPU:mycpu|regfile:myreg|EnabledReg:bloop[12].itk|Q[15]    ; Lost fanout                                 ;
; CPU:mycpu|regfile:myreg|EnabledReg:bloop[15].itk|Q[15]    ; Lost fanout                                 ;
; CPU:mycpu|regfile:myreg|EnabledReg:bloop[12].itk|Q[14]    ; Lost fanout                                 ;
; CPU:mycpu|regfile:myreg|EnabledReg:bloop[15].itk|Q[14]    ; Lost fanout                                 ;
; CPU:mycpu|regfile:myreg|EnabledReg:bloop[12].itk|Q[13]    ; Lost fanout                                 ;
; CPU:mycpu|regfile:myreg|EnabledReg:bloop[15].itk|Q[13]    ; Lost fanout                                 ;
; CPU:mycpu|regfile:myreg|EnabledReg:bloop[12].itk|Q[12]    ; Lost fanout                                 ;
; CPU:mycpu|regfile:myreg|EnabledReg:bloop[15].itk|Q[12]    ; Lost fanout                                 ;
; CPU:mycpu|regfile:myreg|EnabledReg:bloop[12].itk|Q[11]    ; Lost fanout                                 ;
; CPU:mycpu|regfile:myreg|EnabledReg:bloop[15].itk|Q[11]    ; Lost fanout                                 ;
; CPU:mycpu|regfile:myreg|EnabledReg:bloop[12].itk|Q[10]    ; Lost fanout                                 ;
; CPU:mycpu|regfile:myreg|EnabledReg:bloop[15].itk|Q[10]    ; Lost fanout                                 ;
; CPU:mycpu|regfile:myreg|EnabledReg:bloop[12].itk|Q[9]     ; Lost fanout                                 ;
; CPU:mycpu|regfile:myreg|EnabledReg:bloop[15].itk|Q[9]     ; Lost fanout                                 ;
; CPU:mycpu|regfile:myreg|EnabledReg:bloop[12].itk|Q[8]     ; Lost fanout                                 ;
; CPU:mycpu|regfile:myreg|EnabledReg:bloop[15].itk|Q[8]     ; Lost fanout                                 ;
; CPU:mycpu|regfile:myreg|EnabledReg:bloop[12].itk|Q[7]     ; Lost fanout                                 ;
; CPU:mycpu|regfile:myreg|EnabledReg:bloop[15].itk|Q[7]     ; Lost fanout                                 ;
; CPU:mycpu|regfile:myreg|EnabledReg:bloop[12].itk|Q[6]     ; Lost fanout                                 ;
; CPU:mycpu|regfile:myreg|EnabledReg:bloop[15].itk|Q[6]     ; Lost fanout                                 ;
; CPU:mycpu|regfile:myreg|EnabledReg:bloop[12].itk|Q[5]     ; Lost fanout                                 ;
; CPU:mycpu|regfile:myreg|EnabledReg:bloop[15].itk|Q[5]     ; Lost fanout                                 ;
; CPU:mycpu|regfile:myreg|EnabledReg:bloop[12].itk|Q[4]     ; Lost fanout                                 ;
; CPU:mycpu|regfile:myreg|EnabledReg:bloop[15].itk|Q[4]     ; Lost fanout                                 ;
; CPU:mycpu|regfile:myreg|EnabledReg:bloop[12].itk|Q[3]     ; Lost fanout                                 ;
; CPU:mycpu|regfile:myreg|EnabledReg:bloop[15].itk|Q[3]     ; Lost fanout                                 ;
; CPU:mycpu|regfile:myreg|EnabledReg:bloop[12].itk|Q[2]     ; Lost fanout                                 ;
; CPU:mycpu|regfile:myreg|EnabledReg:bloop[15].itk|Q[2]     ; Lost fanout                                 ;
; CPU:mycpu|regfile:myreg|EnabledReg:bloop[12].itk|Q[1]     ; Lost fanout                                 ;
; CPU:mycpu|regfile:myreg|EnabledReg:bloop[15].itk|Q[1]     ; Lost fanout                                 ;
; CPU:mycpu|regfile:myreg|EnabledReg:bloop[12].itk|Q[0]     ; Lost fanout                                 ;
; CPU:mycpu|regfile:myreg|EnabledReg:bloop[15].itk|Q[0]     ; Lost fanout                                 ;
; counter32:myclock|q[26..31]                               ; Lost fanout                                 ;
; Total Number of Removed Registers = 230                   ;                                             ;
+-----------------------------------------------------------+---------------------------------------------+


+---------------------------------------------------------------------------------------------------------------------------------------------------+
; Removed Registers Triggering Further Register Optimizations                                                                                       ;
+--------------------------------------------------------+--------------------------------+---------------------------------------------------------+
; Register name                                          ; Reason for Removal             ; Registers Removed due to This Register                  ;
+--------------------------------------------------------+--------------------------------+---------------------------------------------------------+
; CPU:mycpu|regfile:myreg|EnabledReg:bloop[14].itk|Q[12] ; Stuck at GND                   ; CPU:mycpu|regfile:myreg|EnabledReg:bloop[12].itk|Q[12], ;
;                                                        ; due to stuck port clock_enable ; CPU:mycpu|regfile:myreg|EnabledReg:bloop[15].itk|Q[12]  ;
; CPU:mycpu|regfile:myreg|EnabledReg:bloop[14].itk|Q[13] ; Stuck at GND                   ; CPU:mycpu|regfile:myreg|EnabledReg:bloop[12].itk|Q[13], ;
;                                                        ; due to stuck port clock_enable ; CPU:mycpu|regfile:myreg|EnabledReg:bloop[15].itk|Q[13]  ;
+--------------------------------------------------------+--------------------------------+---------------------------------------------------------+


+------------------------------------------------------+
; General Register Statistics                          ;
+----------------------------------------------+-------+
; Statistic                                    ; Value ;
+----------------------------------------------+-------+
; Total registers                              ; 74    ;
; Number of registers using Synchronous Clear  ; 0     ;
; Number of registers using Synchronous Load   ; 0     ;
; Number of registers using Asynchronous Clear ; 0     ;
; Number of registers using Asynchronous Load  ; 0     ;
; Number of registers using Clock Enable       ; 32    ;
; Number of registers using Preset             ; 0     ;
+----------------------------------------------+-------+


+----------------------------------------------------------------------------------------------------------------------------------------------------------+
; Multiplexer Restructuring Statistics (Restructuring Performed)                                                                                           ;
+--------------------+-----------+---------------+----------------------+------------------------+------------+--------------------------------------------+
; Multiplexer Inputs ; Bus Width ; Baseline Area ; Area if Restructured ; Saving if Restructured ; Registered ; Example Multiplexer Output                 ;
+--------------------+-----------+---------------+----------------------+------------------------+------------+--------------------------------------------+
; 4:1                ; 16 bits   ; 32 LEs        ; 32 LEs               ; 0 LEs                  ; No         ; |src|CPU:mycpu|regfile:myreg|Mux17         ;
; 6:1                ; 15 bits   ; 60 LEs        ; 60 LEs               ; 0 LEs                  ; No         ; |src|CPU:mycpu|ALU:myalu|mux2to1:mux1|y[1] ;
; 9:1                ; 10 bits   ; 60 LEs        ; 40 LEs               ; 20 LEs                 ; No         ; |src|CPU:mycpu|mux2to1:mux2|y[15]          ;
; 10:1               ; 3 bits    ; 18 LEs        ; 12 LEs               ; 6 LEs                  ; No         ; |src|CPU:mycpu|mux2to1:mux2|y[2]           ;
; 11:1               ; 3 bits    ; 21 LEs        ; 15 LEs               ; 6 LEs                  ; No         ; |src|CPU:mycpu|mux2to1:mux2|y[14]          ;
+--------------------+-----------+---------------+----------------------+------------------------+------------+--------------------------------------------+


+------------------------------------------------------------------+
; Parameter Settings for User Entity Instance: CPU:mycpu|ROM:myrom ;
+----------------+-------+-----------------------------------------+
; Parameter Name ; Value ; Type                                    ;
+----------------+-------+-----------------------------------------+
; m              ; 16    ; Signed Integer                          ;
; w              ; 18    ; Signed Integer                          ;
+----------------+-------+-----------------------------------------+
Note: In order to hide this table in the UI and the text report file, please set the "Show Parameter Settings in Synthesis Report" option in "Analysis and Synthesis Settings -> More Settings" to "Off".


+----------------------------------------------------------------------+
; Parameter Settings for User Entity Instance: CPU:mycpu|regfile:myreg ;
+----------------+-------+---------------------------------------------+
; Parameter Name ; Value ; Type                                        ;
+----------------+-------+---------------------------------------------+
; w              ; 16    ; Signed Integer                              ;
; m              ; 4     ; Signed Integer                              ;
+----------------+-------+---------------------------------------------+
Note: In order to hide this table in the UI and the text report file, please set the "Show Parameter Settings in Synthesis Report" option in "Analysis and Synthesis Settings -> More Settings" to "Off".


+-------------------------------------------------------------------------------------------------+
; Parameter Settings for User Entity Instance: CPU:mycpu|regfile:myreg|parameterized_decoder:decw ;
+----------------+-------+------------------------------------------------------------------------+
; Parameter Name ; Value ; Type                                                                   ;
+----------------+-------+------------------------------------------------------------------------+
; n              ; 4     ; Signed Integer                                                         ;
+----------------+-------+------------------------------------------------------------------------+
Note: In order to hide this table in the UI and the text report file, please set the "Show Parameter Settings in Synthesis Report" option in "Analysis and Synthesis Settings -> More Settings" to "Off".


+----------------------------------------------------------------------------------------------+
; Parameter Settings for User Entity Instance: CPU:mycpu|regfile:myreg|EnabledReg:bloop[0].itk ;
+----------------+-------+---------------------------------------------------------------------+
; Parameter Name ; Value ; Type                                                                ;
+----------------+-------+---------------------------------------------------------------------+
; w              ; 16    ; Signed Integer                                                      ;
+----------------+-------+---------------------------------------------------------------------+
Note: In order to hide this table in the UI and the text report file, please set the "Show Parameter Settings in Synthesis Report" option in "Analysis and Synthesis Settings -> More Settings" to "Off".


+----------------------------------------------------------------------------------------------+
; Parameter Settings for User Entity Instance: CPU:mycpu|regfile:myreg|EnabledReg:bloop[1].itk ;
+----------------+-------+---------------------------------------------------------------------+
; Parameter Name ; Value ; Type                                                                ;
+----------------+-------+---------------------------------------------------------------------+
; w              ; 16    ; Signed Integer                                                      ;
+----------------+-------+---------------------------------------------------------------------+
Note: In order to hide this table in the UI and the text report file, please set the "Show Parameter Settings in Synthesis Report" option in "Analysis and Synthesis Settings -> More Settings" to "Off".


+----------------------------------------------------------------------------------------------+
; Parameter Settings for User Entity Instance: CPU:mycpu|regfile:myreg|EnabledReg:bloop[2].itk ;
+----------------+-------+---------------------------------------------------------------------+
; Parameter Name ; Value ; Type                                                                ;
+----------------+-------+---------------------------------------------------------------------+
; w              ; 16    ; Signed Integer                                                      ;
+----------------+-------+---------------------------------------------------------------------+
Note: In order to hide this table in the UI and the text report file, please set the "Show Parameter Settings in Synthesis Report" option in "Analysis and Synthesis Settings -> More Settings" to "Off".


+----------------------------------------------------------------------------------------------+
; Parameter Settings for User Entity Instance: CPU:mycpu|regfile:myreg|EnabledReg:bloop[3].itk ;
+----------------+-------+---------------------------------------------------------------------+
; Parameter Name ; Value ; Type                                                                ;
+----------------+-------+---------------------------------------------------------------------+
; w              ; 16    ; Signed Integer                                                      ;
+----------------+-------+---------------------------------------------------------------------+
Note: In order to hide this table in the UI and the text report file, please set the "Show Parameter Settings in Synthesis Report" option in "Analysis and Synthesis Settings -> More Settings" to "Off".


+----------------------------------------------------------------------------------------------+
; Parameter Settings for User Entity Instance: CPU:mycpu|regfile:myreg|EnabledReg:bloop[4].itk ;
+----------------+-------+---------------------------------------------------------------------+
; Parameter Name ; Value ; Type                                                                ;
+----------------+-------+---------------------------------------------------------------------+
; w              ; 16    ; Signed Integer                                                      ;
+----------------+-------+---------------------------------------------------------------------+
Note: In order to hide this table in the UI and the text report file, please set the "Show Parameter Settings in Synthesis Report" option in "Analysis and Synthesis Settings -> More Settings" to "Off".


+----------------------------------------------------------------------------------------------+
; Parameter Settings for User Entity Instance: CPU:mycpu|regfile:myreg|EnabledReg:bloop[5].itk ;
+----------------+-------+---------------------------------------------------------------------+
; Parameter Name ; Value ; Type                                                                ;
+----------------+-------+---------------------------------------------------------------------+
; w              ; 16    ; Signed Integer                                                      ;
+----------------+-------+---------------------------------------------------------------------+
Note: In order to hide this table in the UI and the text report file, please set the "Show Parameter Settings in Synthesis Report" option in "Analysis and Synthesis Settings -> More Settings" to "Off".


+----------------------------------------------------------------------------------------------+
; Parameter Settings for User Entity Instance: CPU:mycpu|regfile:myreg|EnabledReg:bloop[6].itk ;
+----------------+-------+---------------------------------------------------------------------+
; Parameter Name ; Value ; Type                                                                ;
+----------------+-------+---------------------------------------------------------------------+
; w              ; 16    ; Signed Integer                                                      ;
+----------------+-------+---------------------------------------------------------------------+
Note: In order to hide this table in the UI and the text report file, please set the "Show Parameter Settings in Synthesis Report" option in "Analysis and Synthesis Settings -> More Settings" to "Off".


+----------------------------------------------------------------------------------------------+
; Parameter Settings for User Entity Instance: CPU:mycpu|regfile:myreg|EnabledReg:bloop[7].itk ;
+----------------+-------+---------------------------------------------------------------------+
; Parameter Name ; Value ; Type                                                                ;
+----------------+-------+---------------------------------------------------------------------+
; w              ; 16    ; Signed Integer                                                      ;
+----------------+-------+---------------------------------------------------------------------+
Note: In order to hide this table in the UI and the text report file, please set the "Show Parameter Settings in Synthesis Report" option in "Analysis and Synthesis Settings -> More Settings" to "Off".


+----------------------------------------------------------------------------------------------+
; Parameter Settings for User Entity Instance: CPU:mycpu|regfile:myreg|EnabledReg:bloop[8].itk ;
+----------------+-------+---------------------------------------------------------------------+
; Parameter Name ; Value ; Type                                                                ;
+----------------+-------+---------------------------------------------------------------------+
; w              ; 16    ; Signed Integer                                                      ;
+----------------+-------+---------------------------------------------------------------------+
Note: In order to hide this table in the UI and the text report file, please set the "Show Parameter Settings in Synthesis Report" option in "Analysis and Synthesis Settings -> More Settings" to "Off".


+----------------------------------------------------------------------------------------------+
; Parameter Settings for User Entity Instance: CPU:mycpu|regfile:myreg|EnabledReg:bloop[9].itk ;
+----------------+-------+---------------------------------------------------------------------+
; Parameter Name ; Value ; Type                                                                ;
+----------------+-------+---------------------------------------------------------------------+
; w              ; 16    ; Signed Integer                                                      ;
+----------------+-------+---------------------------------------------------------------------+
Note: In order to hide this table in the UI and the text report file, please set the "Show Parameter Settings in Synthesis Report" option in "Analysis and Synthesis Settings -> More Settings" to "Off".


+-----------------------------------------------------------------------------------------------+
; Parameter Settings for User Entity Instance: CPU:mycpu|regfile:myreg|EnabledReg:bloop[10].itk ;
+----------------+-------+----------------------------------------------------------------------+
; Parameter Name ; Value ; Type                                                                 ;
+----------------+-------+----------------------------------------------------------------------+
; w              ; 16    ; Signed Integer                                                       ;
+----------------+-------+----------------------------------------------------------------------+
Note: In order to hide this table in the UI and the text report file, please set the "Show Parameter Settings in Synthesis Report" option in "Analysis and Synthesis Settings -> More Settings" to "Off".


+-----------------------------------------------------------------------------------------------+
; Parameter Settings for User Entity Instance: CPU:mycpu|regfile:myreg|EnabledReg:bloop[11].itk ;
+----------------+-------+----------------------------------------------------------------------+
; Parameter Name ; Value ; Type                                                                 ;
+----------------+-------+----------------------------------------------------------------------+
; w              ; 16    ; Signed Integer                                                       ;
+----------------+-------+----------------------------------------------------------------------+
Note: In order to hide this table in the UI and the text report file, please set the "Show Parameter Settings in Synthesis Report" option in "Analysis and Synthesis Settings -> More Settings" to "Off".


+-----------------------------------------------------------------------------------------------+
; Parameter Settings for User Entity Instance: CPU:mycpu|regfile:myreg|EnabledReg:bloop[12].itk ;
+----------------+-------+----------------------------------------------------------------------+
; Parameter Name ; Value ; Type                                                                 ;
+----------------+-------+----------------------------------------------------------------------+
; w              ; 16    ; Signed Integer                                                       ;
+----------------+-------+----------------------------------------------------------------------+
Note: In order to hide this table in the UI and the text report file, please set the "Show Parameter Settings in Synthesis Report" option in "Analysis and Synthesis Settings -> More Settings" to "Off".


+-----------------------------------------------------------------------------------------------+
; Parameter Settings for User Entity Instance: CPU:mycpu|regfile:myreg|EnabledReg:bloop[13].itk ;
+----------------+-------+----------------------------------------------------------------------+
; Parameter Name ; Value ; Type                                                                 ;
+----------------+-------+----------------------------------------------------------------------+
; w              ; 16    ; Signed Integer                                                       ;
+----------------+-------+----------------------------------------------------------------------+
Note: In order to hide this table in the UI and the text report file, please set the "Show Parameter Settings in Synthesis Report" option in "Analysis and Synthesis Settings -> More Settings" to "Off".


+-----------------------------------------------------------------------------------------------+
; Parameter Settings for User Entity Instance: CPU:mycpu|regfile:myreg|EnabledReg:bloop[14].itk ;
+----------------+-------+----------------------------------------------------------------------+
; Parameter Name ; Value ; Type                                                                 ;
+----------------+-------+----------------------------------------------------------------------+
; w              ; 16    ; Signed Integer                                                       ;
+----------------+-------+----------------------------------------------------------------------+
Note: In order to hide this table in the UI and the text report file, please set the "Show Parameter Settings in Synthesis Report" option in "Analysis and Synthesis Settings -> More Settings" to "Off".


+-----------------------------------------------------------------------------------------------+
; Parameter Settings for User Entity Instance: CPU:mycpu|regfile:myreg|EnabledReg:bloop[15].itk ;
+----------------+-------+----------------------------------------------------------------------+
; Parameter Name ; Value ; Type                                                                 ;
+----------------+-------+----------------------------------------------------------------------+
; w              ; 16    ; Signed Integer                                                       ;
+----------------+-------+----------------------------------------------------------------------+
Note: In order to hide this table in the UI and the text report file, please set the "Show Parameter Settings in Synthesis Report" option in "Analysis and Synthesis Settings -> More Settings" to "Off".


+---------------------------------------------------------------------+
; Parameter Settings for User Entity Instance: CPU:mycpu|mux2to1:mux0 ;
+----------------+-------+--------------------------------------------+
; Parameter Name ; Value ; Type                                       ;
+----------------+-------+--------------------------------------------+
; W              ; 16    ; Signed Integer                             ;
+----------------+-------+--------------------------------------------+
Note: In order to hide this table in the UI and the text report file, please set the "Show Parameter Settings in Synthesis Report" option in "Analysis and Synthesis Settings -> More Settings" to "Off".


+---------------------------------------------------------------------+
; Parameter Settings for User Entity Instance: CPU:mycpu|mux2to1:mux1 ;
+----------------+-------+--------------------------------------------+
; Parameter Name ; Value ; Type                                       ;
+----------------+-------+--------------------------------------------+
; W              ; 16    ; Signed Integer                             ;
+----------------+-------+--------------------------------------------+
Note: In order to hide this table in the UI and the text report file, please set the "Show Parameter Settings in Synthesis Report" option in "Analysis and Synthesis Settings -> More Settings" to "Off".


+---------------------------------------------------------------------+
; Parameter Settings for User Entity Instance: CPU:mycpu|mux2to1:mux2 ;
+----------------+-------+--------------------------------------------+
; Parameter Name ; Value ; Type                                       ;
+----------------+-------+--------------------------------------------+
; W              ; 16    ; Signed Integer                             ;
+----------------+-------+--------------------------------------------+
Note: In order to hide this table in the UI and the text report file, please set the "Show Parameter Settings in Synthesis Report" option in "Analysis and Synthesis Settings -> More Settings" to "Off".


+------------------------------------------------------------------+
; Parameter Settings for User Entity Instance: CPU:mycpu|ALU:myalu ;
+----------------+-------+-----------------------------------------+
; Parameter Name ; Value ; Type                                    ;
+----------------+-------+-----------------------------------------+
; n              ; 16    ; Signed Integer                          ;
+----------------+-------+-----------------------------------------+
Note: In order to hide this table in the UI and the text report file, please set the "Show Parameter Settings in Synthesis Report" option in "Analysis and Synthesis Settings -> More Settings" to "Off".


+-------------------------------------------------------------------------------+
; Parameter Settings for User Entity Instance: CPU:mycpu|ALU:myalu|adderOV:add0 ;
+----------------+-------+------------------------------------------------------+
; Parameter Name ; Value ; Type                                                 ;
+----------------+-------+------------------------------------------------------+
; n              ; 16    ; Signed Integer                                       ;
+----------------+-------+------------------------------------------------------+
Note: In order to hide this table in the UI and the text report file, please set the "Show Parameter Settings in Synthesis Report" option in "Analysis and Synthesis Settings -> More Settings" to "Off".


+------------------------------------------------------------------------------------------+
; Parameter Settings for User Entity Instance: CPU:mycpu|ALU:myalu|adderOV:add0|adder:add0 ;
+----------------+-------+-----------------------------------------------------------------+
; Parameter Name ; Value ; Type                                                            ;
+----------------+-------+-----------------------------------------------------------------+
; W              ; 16    ; Signed Integer                                                  ;
+----------------+-------+-----------------------------------------------------------------+
Note: In order to hide this table in the UI and the text report file, please set the "Show Parameter Settings in Synthesis Report" option in "Analysis and Synthesis Settings -> More Settings" to "Off".


+-------------------------------------------------------------------------------------------------------+
; Parameter Settings for User Entity Instance: CPU:mycpu|ALU:myalu|adderOV:add0|adder:add0|mux2to1:mux1 ;
+----------------+-------+------------------------------------------------------------------------------+
; Parameter Name ; Value ; Type                                                                         ;
+----------------+-------+------------------------------------------------------------------------------+
; W              ; 16    ; Signed Integer                                                               ;
+----------------+-------+------------------------------------------------------------------------------+
Note: In order to hide this table in the UI and the text report file, please set the "Show Parameter Settings in Synthesis Report" option in "Analysis and Synthesis Settings -> More Settings" to "Off".


+--------------------------------------------------------------------------------------------+
; Parameter Settings for User Entity Instance: CPU:mycpu|ALU:myalu|adderOV:add0|mux2to1:mux1 ;
+----------------+-------+-------------------------------------------------------------------+
; Parameter Name ; Value ; Type                                                              ;
+----------------+-------+-------------------------------------------------------------------+
; W              ; 16    ; Signed Integer                                                    ;
+----------------+-------+-------------------------------------------------------------------+
Note: In order to hide this table in the UI and the text report file, please set the "Show Parameter Settings in Synthesis Report" option in "Analysis and Synthesis Settings -> More Settings" to "Off".


+---------------------------------------------------------------------------+
; Parameter Settings for User Entity Instance: CPU:mycpu|ALU:myalu|SLT:slt0 ;
+----------------+-------+--------------------------------------------------+
; Parameter Name ; Value ; Type                                             ;
+----------------+-------+--------------------------------------------------+
; n              ; 16    ; Signed Integer                                   ;
+----------------+-------+--------------------------------------------------+
Note: In order to hide this table in the UI and the text report file, please set the "Show Parameter Settings in Synthesis Report" option in "Analysis and Synthesis Settings -> More Settings" to "Off".


+----------------------------------------------------------------------------------------+
; Parameter Settings for User Entity Instance: CPU:mycpu|ALU:myalu|SLT:slt0|mux2to1:mux0 ;
+----------------+-------+---------------------------------------------------------------+
; Parameter Name ; Value ; Type                                                          ;
+----------------+-------+---------------------------------------------------------------+
; W              ; 1     ; Signed Integer                                                ;
+----------------+-------+---------------------------------------------------------------+
Note: In order to hide this table in the UI and the text report file, please set the "Show Parameter Settings in Synthesis Report" option in "Analysis and Synthesis Settings -> More Settings" to "Off".


+----------------------------------------------------------------------------------------+
; Parameter Settings for User Entity Instance: CPU:mycpu|ALU:myalu|SLT:slt0|mux2to1:mux1 ;
+----------------+-------+---------------------------------------------------------------+
; Parameter Name ; Value ; Type                                                          ;
+----------------+-------+---------------------------------------------------------------+
; W              ; 1     ; Signed Integer                                                ;
+----------------+-------+---------------------------------------------------------------+
Note: In order to hide this table in the UI and the text report file, please set the "Show Parameter Settings in Synthesis Report" option in "Analysis and Synthesis Settings -> More Settings" to "Off".


+----------------------------------------------------------------------------------------+
; Parameter Settings for User Entity Instance: CPU:mycpu|ALU:myalu|SLT:slt0|mux2to1:mux2 ;
+----------------+-------+---------------------------------------------------------------+
; Parameter Name ; Value ; Type                                                          ;
+----------------+-------+---------------------------------------------------------------+
; W              ; 16    ; Signed Integer                                                ;
+----------------+-------+---------------------------------------------------------------+
Note: In order to hide this table in the UI and the text report file, please set the "Show Parameter Settings in Synthesis Report" option in "Analysis and Synthesis Settings -> More Settings" to "Off".


+-------------------------------------------------------------------------------+
; Parameter Settings for User Entity Instance: CPU:mycpu|ALU:myalu|mux4to1:mux0 ;
+----------------+-------+------------------------------------------------------+
; Parameter Name ; Value ; Type                                                 ;
+----------------+-------+------------------------------------------------------+
; W              ; 16    ; Signed Integer                                       ;
+----------------+-------+------------------------------------------------------+
Note: In order to hide this table in the UI and the text report file, please set the "Show Parameter Settings in Synthesis Report" option in "Analysis and Synthesis Settings -> More Settings" to "Off".


+-------------------------------------------------------------------------------+
; Parameter Settings for User Entity Instance: CPU:mycpu|ALU:myalu|mux2to1:mux1 ;
+----------------+-------+------------------------------------------------------+
; Parameter Name ; Value ; Type                                                 ;
+----------------+-------+------------------------------------------------------+
; W              ; 16    ; Signed Integer                                       ;
+----------------+-------+------------------------------------------------------+
Note: In order to hide this table in the UI and the text report file, please set the "Show Parameter Settings in Synthesis Report" option in "Analysis and Synthesis Settings -> More Settings" to "Off".


+-----------------------------------------------------------------------------------+
; Parameter Settings for User Entity Instance: CPU:mycpu|tristate_active_hi:ALUTest ;
+----------------+-------+----------------------------------------------------------+
; Parameter Name ; Value ; Type                                                     ;
+----------------+-------+----------------------------------------------------------+
; n              ; 16    ; Signed Integer                                           ;
+----------------+-------+----------------------------------------------------------+
Note: In order to hide this table in the UI and the text report file, please set the "Show Parameter Settings in Synthesis Report" option in "Analysis and Synthesis Settings -> More Settings" to "Off".


+-------------------------------------------------------------------------------------+
; Parameter Settings for User Entity Instance: CPU:mycpu|tristate_active_hi:ShiftTest ;
+----------------+-------+------------------------------------------------------------+
; Parameter Name ; Value ; Type                                                       ;
+----------------+-------+------------------------------------------------------------+
; n              ; 15    ; Signed Integer                                             ;
+----------------+-------+------------------------------------------------------------+
Note: In order to hide this table in the UI and the text report file, please set the "Show Parameter Settings in Synthesis Report" option in "Analysis and Synthesis Settings -> More Settings" to "Off".


+---------------------------------------------------------------------------------------------------------------------------------------------------------------------------------------------------------------+
; Port Connectivity Checks: "CPU:mycpu|tristate_active_hi:ShiftTest"                                                                                                                                            ;
+------+--------+----------+------------------------------------------------------------------------------------------------------------------------------------------------------------------------------------+
; Port ; Type   ; Severity ; Details                                                                                                                                                                            ;
+------+--------+----------+------------------------------------------------------------------------------------------------------------------------------------------------------------------------------------+
; a    ; Input  ; Warning  ; Input port expression (16 bits) is wider than the input port (15 bits) it drives.  The 1 most-significant bit(s) in the expression will be dangling if they have no other fanouts. ;
; y    ; Output ; Warning  ; Output or bidir port (15 bits) is smaller than the port expression (16 bits) it drives.  The 1 most-significant bit(s) in the port expression will be connected to GND.            ;
+------+--------+----------+------------------------------------------------------------------------------------------------------------------------------------------------------------------------------------+


+-----------------------------------------------------------------------+
; Port Connectivity Checks: "CPU:mycpu|ALU:myalu|SLT:slt0|mux2to1:mux2" ;
+-----------+-------+----------+----------------------------------------+
; Port      ; Type  ; Severity ; Details                                ;
+-----------+-------+----------+----------------------------------------+
; d1[15..1] ; Input ; Info     ; Stuck at GND                           ;
+-----------+-------+----------+----------------------------------------+


+-------------------------------------------------------------------------------------------------------------------------------------------------------------------------+
; Port Connectivity Checks: "CPU:mycpu|ALU:myalu|adderOV:add0|mux2to1:mux1"                                                                                               ;
+------+--------+----------+----------------------------------------------------------------------------------------------------------------------------------------------+
; Port ; Type   ; Severity ; Details                                                                                                                                      ;
+------+--------+----------+----------------------------------------------------------------------------------------------------------------------------------------------+
; d0   ; Input  ; Warning  ; Input port expression (1 bits) is smaller than the input port (16 bits) it drives.  Extra input bit(s) "d0[15..1]" will be connected to GND. ;
; d1   ; Input  ; Warning  ; Input port expression (1 bits) is smaller than the input port (16 bits) it drives.  Extra input bit(s) "d1[15..1]" will be connected to GND. ;
; y    ; Output ; Warning  ; Output or bidir port (16 bits) is wider than the port expression (1 bits) it drives; bit(s) "y[15..1]" have no fanouts                       ;
+------+--------+----------+----------------------------------------------------------------------------------------------------------------------------------------------+


+--------------------------------------------------------------------------------------------------------------------+
; Port Connectivity Checks: "CPU:mycpu|ALU:myalu|adderOV:add0|adder:add0"                                            ;
+----------+--------+----------+-------------------------------------------------------------------------------------+
; Port     ; Type   ; Severity ; Details                                                                             ;
+----------+--------+----------+-------------------------------------------------------------------------------------+
; b[14..0] ; Output ; Info     ; Connected to dangling logic. Logic that only feeds a dangling port will be removed. ;
+----------+--------+----------+-------------------------------------------------------------------------------------+


+----------------------------------------------------------------------------------------------------------------+
; Port Connectivity Checks: "CPU:mycpu|ALU:myalu|adderOV:add0"                                                   ;
+------+--------+----------+-------------------------------------------------------------------------------------+
; Port ; Type   ; Severity ; Details                                                                             ;
+------+--------+----------+-------------------------------------------------------------------------------------+
; OV   ; Output ; Info     ; Connected to dangling logic. Logic that only feeds a dangling port will be removed. ;
+------+--------+----------+-------------------------------------------------------------------------------------+


+----------------------------------------------------------------------------------------------------------------------+
; Port Connectivity Checks: "CPU:mycpu|RTypePrioDecoder:myrtypedecoder"                                                ;
+------------+--------+----------+-------------------------------------------------------------------------------------+
; Port       ; Type   ; Severity ; Details                                                                             ;
+------------+--------+----------+-------------------------------------------------------------------------------------+
; outcome[2] ; Output ; Info     ; Connected to dangling logic. Logic that only feeds a dangling port will be removed. ;
; outcome[0] ; Output ; Info     ; Connected to dangling logic. Logic that only feeds a dangling port will be removed. ;
+------------+--------+----------+-------------------------------------------------------------------------------------+


+----------------------------------------------------------------------------------------------------------------------------------------------------------------------+
; Port Connectivity Checks: "CPU:mycpu|OpPrioDecoder:myopdecoder"                                                                                                      ;
+------+--------+----------+-------------------------------------------------------------------------------------------------------------------------------------------+
; Port ; Type   ; Severity ; Details                                                                                                                                   ;
+------+--------+----------+-------------------------------------------------------------------------------------------------------------------------------------------+
; a    ; Input  ; Warning  ; Input port expression (5 bits) is smaller than the input port (6 bits) it drives.  Extra input bit(s) "a[5..5]" will be connected to GND. ;
; b    ; Output ; Warning  ; Output or bidir port (7 bits) is wider than the port expression (6 bits) it drives; bit(s) "b[6..6]" have no fanouts                      ;
+------+--------+----------+-------------------------------------------------------------------------------------------------------------------------------------------+


+---------------------------------------------------------------------------------------------------------------------+
; Port Connectivity Checks: "counter32:myclock"                                                                       ;
+-----------+--------+----------+-------------------------------------------------------------------------------------+
; Port      ; Type   ; Severity ; Details                                                                             ;
+-----------+--------+----------+-------------------------------------------------------------------------------------+
; q[31..26] ; Output ; Info     ; Connected to dangling logic. Logic that only feeds a dangling port will be removed. ;
; q[24..0]  ; Output ; Info     ; Connected to dangling logic. Logic that only feeds a dangling port will be removed. ;
+-----------+--------+----------+-------------------------------------------------------------------------------------+


+-----------------------------------------------------+
; Post-Synthesis Netlist Statistics for Top Partition ;
+-----------------------+-----------------------------+
; Type                  ; Count                       ;
+-----------------------+-----------------------------+
; arriav_ff             ; 74                          ;
;     ENA               ; 32                          ;
;     plain             ; 42                          ;
; arriav_lcell_comb     ; 240                         ;
;     arith             ; 58                          ;
;         0 data inputs ; 1                           ;
;         1 data inputs ; 39                          ;
;         2 data inputs ; 2                           ;
;         5 data inputs ; 16                          ;
;     normal            ; 182                         ;
;         0 data inputs ; 1                           ;
;         1 data inputs ; 4                           ;
;         2 data inputs ; 22                          ;
;         3 data inputs ; 21                          ;
;         4 data inputs ; 43                          ;
;         5 data inputs ; 46                          ;
;         6 data inputs ; 45                          ;
; boundary_port         ; 61                          ;
;                       ;                             ;
; Max LUT depth         ; 8.60                        ;
; Average LUT depth     ; 5.75                        ;
+-----------------------+-----------------------------+


+-------------------------------+
; Elapsed Time Per Partition    ;
+----------------+--------------+
; Partition Name ; Elapsed Time ;
+----------------+--------------+
; Top            ; 00:00:06     ;
+----------------+--------------+


+-------------------------------+
; Analysis & Synthesis Messages ;
+-------------------------------+
Info: *******************************************************************
Info: Running Quartus Prime Analysis & Synthesis
    Info: Version 18.1.0 Build 625 09/12/2018 SJ Standard Edition
    Info: Processing started: Wed Nov 25 21:09:53 2020
Info: Command: quartus_map --read_settings_files=on --write_settings_files=off src -c src
Warning (18236): Number of processors has not been specified which may cause overloading on shared machines.  Set the global assignment NUM_PARALLEL_PROCESSORS in your QSF to an appropriate value for best performance.
Info (20030): Parallel compilation is enabled and will use 6 of the 6 processors detected
Info (12021): Found 19 design units, including 19 entities, in source file src.sv
    Info (12023): Found entity 1: src File: U:/ELEC4720/simple-microprocessor/src.sv Line: 2
    Info (12023): Found entity 2: counter32 File: U:/ELEC4720/simple-microprocessor/src.sv Line: 21
    Info (12023): Found entity 3: CPU File: U:/ELEC4720/simple-microprocessor/src.sv Line: 31
    Info (12023): Found entity 4: ROM File: U:/ELEC4720/simple-microprocessor/src.sv Line: 94
    Info (12023): Found entity 5: regfile File: U:/ELEC4720/simple-microprocessor/src.sv Line: 107
    Info (12023): Found entity 6: ALU File: U:/ELEC4720/simple-microprocessor/src.sv Line: 129
    Info (12023): Found entity 7: adderOV File: U:/ELEC4720/simple-microprocessor/src.sv Line: 149
    Info (12023): Found entity 8: adder File: U:/ELEC4720/simple-microprocessor/src.sv Line: 168
    Info (12023): Found entity 9: SLT File: U:/ELEC4720/simple-microprocessor/src.sv Line: 183
    Info (12023): Found entity 10: shifter File: U:/ELEC4720/simple-microprocessor/src.sv Line: 201
    Info (12023): Found entity 11: OpPrioDecoder File: U:/ELEC4720/simple-microprocessor/src.sv Line: 216
    Info (12023): Found entity 12: RTypePrioDecoder File: U:/ELEC4720/simple-microprocessor/src.sv Line: 238
    Info (12023): Found entity 13: parameterized_decoder File: U:/ELEC4720/simple-microprocessor/src.sv Line: 256
    Info (12023): Found entity 14: EnabledReg File: U:/ELEC4720/simple-microprocessor/src.sv Line: 268
    Info (12023): Found entity 15: ssd File: U:/ELEC4720/simple-microprocessor/src.sv Line: 279
    Info (12023): Found entity 16: immExtend File: U:/ELEC4720/simple-microprocessor/src.sv Line: 335
    Info (12023): Found entity 17: tristate_active_hi File: U:/ELEC4720/simple-microprocessor/src.sv Line: 346
    Info (12023): Found entity 18: mux4to1 File: U:/ELEC4720/simple-microprocessor/src.sv Line: 356
    Info (12023): Found entity 19: mux2to1 File: U:/ELEC4720/simple-microprocessor/src.sv Line: 370
Warning (12019): Can't analyze file -- file main.sv is missing
Warning (10236): Verilog HDL Implicit Net warning at src.sv(138): created implicit net for "Cout" File: U:/ELEC4720/simple-microprocessor/src.sv Line: 138
Warning (10236): Verilog HDL Implicit Net warning at src.sv(138): created implicit net for "OV" File: U:/ELEC4720/simple-microprocessor/src.sv Line: 138
Warning (10222): Verilog HDL Parameter Declaration warning at src.sv(261): Parameter Declaration in module "parameterized_decoder" behaves as a Local Parameter Declaration because the module has a Module Parameter Port List File: U:/ELEC4720/simple-microprocessor/src.sv Line: 261
Info (12127): Elaborating entity "src" for the top level hierarchy
Warning (10034): Output port "LEDG[7..1]" at src.sv(7) has no driver File: U:/ELEC4720/simple-microprocessor/src.sv Line: 7
Info (12128): Elaborating entity "counter32" for hierarchy "counter32:myclock" File: U:/ELEC4720/simple-microprocessor/src.sv Line: 13
Info (12128): Elaborating entity "CPU" for hierarchy "CPU:mycpu" File: U:/ELEC4720/simple-microprocessor/src.sv Line: 17
Warning (10036): Verilog HDL or VHDL warning at src.sv(37): object "pc_carry" assigned a value but never read File: U:/ELEC4720/simple-microprocessor/src.sv Line: 37
Warning (10230): Verilog HDL assignment warning at src.sv(89): truncated value with size 32 to match size of target (17) File: U:/ELEC4720/simple-microprocessor/src.sv Line: 89
Warning (10034): Output port "LEDR[9..6]" at src.sv(35) has no driver File: U:/ELEC4720/simple-microprocessor/src.sv Line: 35
Info (12128): Elaborating entity "ROM" for hierarchy "CPU:mycpu|ROM:myrom" File: U:/ELEC4720/simple-microprocessor/src.sv Line: 55
Warning (10850): Verilog HDL warning at src.sv(102): number of words (11) in memory file does not match the number of elements in the address range [0:65535] File: U:/ELEC4720/simple-microprocessor/src.sv Line: 102
Warning (10030): Net "mem.data_a" at src.sv(98) has no driver or initial value, using a default initial value '0' File: U:/ELEC4720/simple-microprocessor/src.sv Line: 98
Warning (10030): Net "mem.waddr_a" at src.sv(98) has no driver or initial value, using a default initial value '0' File: U:/ELEC4720/simple-microprocessor/src.sv Line: 98
Warning (10030): Net "mem.we_a" at src.sv(98) has no driver or initial value, using a default initial value '0' File: U:/ELEC4720/simple-microprocessor/src.sv Line: 98
Info (12128): Elaborating entity "OpPrioDecoder" for hierarchy "CPU:mycpu|OpPrioDecoder:myopdecoder" File: U:/ELEC4720/simple-microprocessor/src.sv Line: 64
Info (12128): Elaborating entity "RTypePrioDecoder" for hierarchy "CPU:mycpu|RTypePrioDecoder:myrtypedecoder" File: U:/ELEC4720/simple-microprocessor/src.sv Line: 65
Info (12128): Elaborating entity "regfile" for hierarchy "CPU:mycpu|regfile:myreg" File: U:/ELEC4720/simple-microprocessor/src.sv Line: 68
Info (12128): Elaborating entity "parameterized_decoder" for hierarchy "CPU:mycpu|regfile:myreg|parameterized_decoder:decw" File: U:/ELEC4720/simple-microprocessor/src.sv Line: 116
Info (12128): Elaborating entity "EnabledReg" for hierarchy "CPU:mycpu|regfile:myreg|EnabledReg:bloop[0].itk" File: U:/ELEC4720/simple-microprocessor/src.sv Line: 123
Info (12128): Elaborating entity "immExtend" for hierarchy "CPU:mycpu|immExtend:myimm" File: U:/ELEC4720/simple-microprocessor/src.sv Line: 74
Info (12128): Elaborating entity "mux2to1" for hierarchy "CPU:mycpu|mux2to1:mux0" File: U:/ELEC4720/simple-microprocessor/src.sv Line: 75
Info (12128): Elaborating entity "ALU" for hierarchy "CPU:mycpu|ALU:myalu" File: U:/ELEC4720/simple-microprocessor/src.sv Line: 79
Info (12128): Elaborating entity "adderOV" for hierarchy "CPU:mycpu|ALU:myalu|adderOV:add0" File: U:/ELEC4720/simple-microprocessor/src.sv Line: 138
Info (12128): Elaborating entity "adder" for hierarchy "CPU:mycpu|ALU:myalu|adderOV:add0|adder:add0" File: U:/ELEC4720/simple-microprocessor/src.sv Line: 159
Info (12128): Elaborating entity "SLT" for hierarchy "CPU:mycpu|ALU:myalu|SLT:slt0" File: U:/ELEC4720/simple-microprocessor/src.sv Line: 139
Info (12128): Elaborating entity "mux2to1" for hierarchy "CPU:mycpu|ALU:myalu|SLT:slt0|mux2to1:mux0" File: U:/ELEC4720/simple-microprocessor/src.sv Line: 192
Info (12128): Elaborating entity "mux4to1" for hierarchy "CPU:mycpu|ALU:myalu|mux4to1:mux0" File: U:/ELEC4720/simple-microprocessor/src.sv Line: 144
Info (12128): Elaborating entity "tristate_active_hi" for hierarchy "CPU:mycpu|tristate_active_hi:ALUTest" File: U:/ELEC4720/simple-microprocessor/src.sv Line: 81
Info (12128): Elaborating entity "tristate_active_hi" for hierarchy "CPU:mycpu|tristate_active_hi:ShiftTest" File: U:/ELEC4720/simple-microprocessor/src.sv Line: 82
Warning (10230): Verilog HDL assignment warning at src.sv(352): truncated value with size 16 to match size of target (15) File: U:/ELEC4720/simple-microprocessor/src.sv Line: 352
Info (12128): Elaborating entity "ssd" for hierarchy "CPU:mycpu|ssd:ins0" File: U:/ELEC4720/simple-microprocessor/src.sv Line: 84
Warning (127007): Memory Initialization File or Hexadecimal (Intel-Format) File "U:/ELEC4720/simple-microprocessor/db/src.ram0_ROM_53a6a87d.hdl.mif" contains "don't care" values -- overwriting them with 0s
Warning (13046): Tri-state node(s) do not directly drive top-level pin(s)
    Warning (13048): Converted tri-state node "CPU:mycpu|WD[14]" into a selector File: U:/ELEC4720/simple-microprocessor/src.sv Line: 274
    Warning (13048): Converted tri-state node "CPU:mycpu|WD[13]" into a selector File: U:/ELEC4720/simple-microprocessor/src.sv Line: 274
    Warning (13048): Converted tri-state node "CPU:mycpu|WD[12]" into a selector File: U:/ELEC4720/simple-microprocessor/src.sv Line: 274
    Warning (13048): Converted tri-state node "CPU:mycpu|WD[11]" into a selector File: U:/ELEC4720/simple-microprocessor/src.sv Line: 274
    Warning (13048): Converted tri-state node "CPU:mycpu|WD[10]" into a selector File: U:/ELEC4720/simple-microprocessor/src.sv Line: 274
    Warning (13048): Converted tri-state node "CPU:mycpu|WD[9]" into a selector File: U:/ELEC4720/simple-microprocessor/src.sv Line: 274
    Warning (13048): Converted tri-state node "CPU:mycpu|WD[8]" into a selector File: U:/ELEC4720/simple-microprocessor/src.sv Line: 274
    Warning (13048): Converted tri-state node "CPU:mycpu|WD[7]" into a selector File: U:/ELEC4720/simple-microprocessor/src.sv Line: 274
    Warning (13048): Converted tri-state node "CPU:mycpu|WD[6]" into a selector File: U:/ELEC4720/simple-microprocessor/src.sv Line: 274
    Warning (13048): Converted tri-state node "CPU:mycpu|WD[5]" into a selector File: U:/ELEC4720/simple-microprocessor/src.sv Line: 274
    Warning (13048): Converted tri-state node "CPU:mycpu|WD[4]" into a selector File: U:/ELEC4720/simple-microprocessor/src.sv Line: 274
    Warning (13048): Converted tri-state node "CPU:mycpu|WD[3]" into a selector File: U:/ELEC4720/simple-microprocessor/src.sv Line: 274
    Warning (13048): Converted tri-state node "CPU:mycpu|WD[2]" into a selector File: U:/ELEC4720/simple-microprocessor/src.sv Line: 274
    Warning (13048): Converted tri-state node "CPU:mycpu|WD[1]" into a selector File: U:/ELEC4720/simple-microprocessor/src.sv Line: 274
    Warning (13048): Converted tri-state node "CPU:mycpu|WD[0]" into a selector File: U:/ELEC4720/simple-microprocessor/src.sv Line: 274
    Warning (13049): Converted tri-state buffer "CPU:mycpu|tristate_active_hi:ALUTest|y[15]" feeding internal logic into a wire File: U:/ELEC4720/simple-microprocessor/src.sv Line: 350
Warning (12241): 3 hierarchies have connectivity warnings - see the Connectivity Checks report folder
Warning (13024): Output pins are stuck at VCC or GND
    Warning (13410): Pin "LEDR[6]" is stuck at GND File: U:/ELEC4720/simple-microprocessor/src.sv Line: 6
    Warning (13410): Pin "LEDR[7]" is stuck at GND File: U:/ELEC4720/simple-microprocessor/src.sv Line: 6
    Warning (13410): Pin "LEDR[8]" is stuck at GND File: U:/ELEC4720/simple-microprocessor/src.sv Line: 6
    Warning (13410): Pin "LEDR[9]" is stuck at GND File: U:/ELEC4720/simple-microprocessor/src.sv Line: 6
    Warning (13410): Pin "LEDG[1]" is stuck at GND File: U:/ELEC4720/simple-microprocessor/src.sv Line: 7
    Warning (13410): Pin "LEDG[2]" is stuck at GND File: U:/ELEC4720/simple-microprocessor/src.sv Line: 7
    Warning (13410): Pin "LEDG[3]" is stuck at GND File: U:/ELEC4720/simple-microprocessor/src.sv Line: 7
    Warning (13410): Pin "LEDG[4]" is stuck at GND File: U:/ELEC4720/simple-microprocessor/src.sv Line: 7
    Warning (13410): Pin "LEDG[5]" is stuck at GND File: U:/ELEC4720/simple-microprocessor/src.sv Line: 7
    Warning (13410): Pin "LEDG[6]" is stuck at GND File: U:/ELEC4720/simple-microprocessor/src.sv Line: 7
    Warning (13410): Pin "LEDG[7]" is stuck at GND File: U:/ELEC4720/simple-microprocessor/src.sv Line: 7
Info (286030): Timing-Driven Synthesis is running
Info (17049): 38 registers lost all their fanouts during netlist optimizations.
Info (144001): Generated suppressed messages file U:/ELEC4720/simple-microprocessor/output_files/src.map.smsg
Info (16010): Generating hard_block partition "hard_block:auto_generated_inst"
    Info (16011): Adding 0 node(s), including 0 DDIO, 0 PLL, 0 transceiver and 0 LCELL
Warning (21074): Design contains 14 input pin(s) that do not drive logic
    Warning (15610): No output dependent on input pin "SW[0]" File: U:/ELEC4720/simple-microprocessor/src.sv Line: 3
    Warning (15610): No output dependent on input pin "SW[1]" File: U:/ELEC4720/simple-microprocessor/src.sv Line: 3
    Warning (15610): No output dependent on input pin "SW[2]" File: U:/ELEC4720/simple-microprocessor/src.sv Line: 3
    Warning (15610): No output dependent on input pin "SW[3]" File: U:/ELEC4720/simple-microprocessor/src.sv Line: 3
    Warning (15610): No output dependent on input pin "SW[4]" File: U:/ELEC4720/simple-microprocessor/src.sv Line: 3
    Warning (15610): No output dependent on input pin "SW[5]" File: U:/ELEC4720/simple-microprocessor/src.sv Line: 3
    Warning (15610): No output dependent on input pin "SW[6]" File: U:/ELEC4720/simple-microprocessor/src.sv Line: 3
    Warning (15610): No output dependent on input pin "SW[7]" File: U:/ELEC4720/simple-microprocessor/src.sv Line: 3
    Warning (15610): No output dependent on input pin "SW[8]" File: U:/ELEC4720/simple-microprocessor/src.sv Line: 3
    Warning (15610): No output dependent on input pin "SW[9]" File: U:/ELEC4720/simple-microprocessor/src.sv Line: 3
    Warning (15610): No output dependent on input pin "KEY[0]" File: U:/ELEC4720/simple-microprocessor/src.sv Line: 4
    Warning (15610): No output dependent on input pin "KEY[1]" File: U:/ELEC4720/simple-microprocessor/src.sv Line: 4
    Warning (15610): No output dependent on input pin "KEY[2]" File: U:/ELEC4720/simple-microprocessor/src.sv Line: 4
    Warning (15610): No output dependent on input pin "KEY[3]" File: U:/ELEC4720/simple-microprocessor/src.sv Line: 4
Info (21057): Implemented 330 device resources after synthesis - the final resource count might be different
    Info (21058): Implemented 15 input pins
    Info (21059): Implemented 46 output pins
    Info (21061): Implemented 269 logic cells
Info: Quartus Prime Analysis & Synthesis was successful. 0 errors, 60 warnings
    Info: Peak virtual memory: 4994 megabytes
    Info: Processing ended: Wed Nov 25 21:11:24 2020
    Info: Elapsed time: 00:01:31
    Info: Total CPU time (on all processors): 00:01:34


+------------------------------------------+
; Analysis & Synthesis Suppressed Messages ;
+------------------------------------------+
The suppressed messages can be found in U:/ELEC4720/simple-microprocessor/output_files/src.map.smsg.


